******************************************************************************
             TMS320C2000 Linker Unix v22.6.1                   
******************************************************************************
>> Linked Thu Mar 13 10:26:27 2025

OUTPUT FILE NAME:   <F28379D_Dual_Cpu2.out>
ENTRY POINT SYMBOL: "_c_int00"  address: 00008962


MEMORY CONFIGURATION

         name            origin    length      used     unused   attr    fill
----------------------  --------  ---------  --------  --------  ----  --------
PAGE 0:
  BEGIN                 00000000   00000002  00000002  00000000  RWIX
  RAMM0                 00000123   000002dd  00000027  000002b6  RWIX
  RAMLS0_1              00008000   00001000  00000ad7  00000529  RWIX
  RAMLS5                0000a800   00000800  0000004e  000007b2  RWIX
  RESET                 003fffc0   00000002  00000000  00000002  RWIX

PAGE 1:
  BOOT_RSVD             00000002   00000121  00000000  00000121  RWIX
  RAMM1                 00000400   000003f8  00000200  000001f8  RWIX
  ADCARESULT            00000b00   00000018  00000018  00000000  RWIX
  ADCBRESULT            00000b20   00000018  00000018  00000000  RWIX
  ADCCRESULT            00000b40   00000018  00000018  00000000  RWIX
  ADCDRESULT            00000b60   00000018  00000018  00000000  RWIX
  CPUTIMER0             00000c00   00000008  00000008  00000000  RWIX
  CPUTIMER1             00000c08   00000008  00000008  00000000  RWIX
  CPUTIMER2             00000c10   00000008  00000008  00000000  RWIX
  PIECTRL               00000ce0   0000001a  0000001a  00000000  RWIX
  PIEVECTTABLE          00000d00   00000200  000001c0  00000040  RWIX
  DMA                   00001000   00000200  000000e0  00000120  RWIX
  CLA1                  00001400   00000080  0000003e  00000042  RWIX
  CLA1_MSGRAMLOW        00001480   00000080  00000000  00000080  RWIX
  CLA1_MSGRAMHIGH       00001500   00000080  00000000  00000080  RWIX
  EMIF2_CS2n            00002000   00001000  00000000  00001000  RWIX
  CLB1LOGICCFG          00003000   00000052  0000003e  00000014  RWIX
  CLB1LOGICCTRL         00003100   00000040  00000040  00000000  RWIX
  CLB1DATAEXCH          00003200   00000200  00000108  000000f8  RWIX
  CLB2LOGICCFG          00003400   00000052  0000003e  00000014  RWIX
  CLB2LOGICCTRL         00003500   00000040  00000040  00000000  RWIX
  CLB2DATAEXCH          00003600   00000200  00000108  000000f8  RWIX
  CLB3LOGICCFG          00003800   00000052  0000003e  00000014  RWIX
  CLB3LOGICCTRL         00003900   00000040  00000040  00000000  RWIX
  CLB3DATAEXCH          00003a00   00000200  00000108  000000f8  RWIX
  CLB4LOGICCFG          00003c00   00000052  0000003e  00000014  RWIX
  CLB4LOGICCTRL         00003d00   00000040  00000040  00000000  RWIX
  CLB4DATAEXCH          00003e00   00000200  00000108  000000f8  RWIX
  EPWM1                 00004000   00000100  00000100  00000000  RWIX
  EPWM2                 00004100   00000100  00000100  00000000  RWIX
  EPWM3                 00004200   00000100  00000100  00000000  RWIX
  EPWM4                 00004300   00000100  00000100  00000000  RWIX
  EPWM5                 00004400   00000100  00000100  00000000  RWIX
  EPWM6                 00004500   00000100  00000100  00000000  RWIX
  EPWM7                 00004600   00000100  00000100  00000000  RWIX
  EPWM8                 00004700   00000100  00000100  00000000  RWIX
  EPWM9                 00004800   00000100  00000100  00000000  RWIX
  EPWM10                00004900   00000100  00000100  00000000  RWIX
  EPWM11                00004a00   00000100  00000100  00000000  RWIX
  EPWM12                00004b00   00000100  00000100  00000000  RWIX
  ECAP1                 00005000   00000020  0000001a  00000006  RWIX
  ECAP2                 00005020   00000020  0000001a  00000006  RWIX
  ECAP3                 00005040   00000020  0000001a  00000006  RWIX
  ECAP4                 00005060   00000020  0000001a  00000006  RWIX
  ECAP5                 00005080   00000020  0000001a  00000006  RWIX
  ECAP6                 000050a0   00000020  0000001a  00000006  RWIX
  EQEP1                 00005100   00000022  00000022  00000000  RWIX
  EQEP2                 00005140   00000022  00000022  00000000  RWIX
  EQEP3                 00005180   00000022  00000022  00000000  RWIX
  DACA                  00005c00   00000008  00000007  00000001  RWIX
  DACB                  00005c10   00000008  00000007  00000001  RWIX
  DACC                  00005c20   00000008  00000007  00000001  RWIX
  CMPSS1                00005c80   00000020  0000001b  00000005  RWIX
  CMPSS2                00005ca0   00000020  0000001b  00000005  RWIX
  CMPSS3                00005cc0   00000020  0000001b  00000005  RWIX
  CMPSS4                00005ce0   00000020  0000001b  00000005  RWIX
  CMPSS5                00005d00   00000020  0000001b  00000005  RWIX
  CMPSS6                00005d20   00000020  0000001b  00000005  RWIX
  CMPSS7                00005d40   00000020  0000001b  00000005  RWIX
  CMPSS8                00005d60   00000020  0000001b  00000005  RWIX
  SDFM1                 00005e00   00000080  00000048  00000038  RWIX
  SDFM2                 00005e80   00000080  00000048  00000038  RWIX
  MCBSPA                00006000   00000024  00000024  00000000  RWIX
  MCBSPB                00006040   00000024  00000024  00000000  RWIX
  SPIA                  00006100   00000010  00000010  00000000  RWIX
  SPIB                  00006110   00000010  00000010  00000000  RWIX
  SPIC                  00006120   00000010  00000010  00000000  RWIX
  WD                    00007000   0000002b  0000002b  00000000  RWIX
  NMIINTRUPT            00007060   00000007  00000007  00000000  RWIX
  XINT                  00007070   0000000b  0000000b  00000000  RWIX
  SCIA                  00007200   00000010  00000010  00000000  RWIX
  SCIB                  00007210   00000010  00000010  00000000  RWIX
  SCIC                  00007220   00000010  00000010  00000000  RWIX
  SCID                  00007230   00000010  00000010  00000000  RWIX
  I2CA                  00007300   00000022  00000022  00000000  RWIX
  I2CB                  00007340   00000022  00000022  00000000  RWIX
  ADCA                  00007400   00000080  0000007c  00000004  RWIX
  ADCB                  00007480   00000080  0000007c  00000004  RWIX
  ADCC                  00007500   00000080  0000007c  00000004  RWIX
  ADCD                  00007580   00000080  0000007c  00000004  RWIX
  DMACLASRCSEL          00007980   0000001a  0000001a  00000000  RWIX
  GPIODATA              00007f00   00000030  00000030  00000000  RWIX
  RAMLS2                00009000   00000800  00000024  000007dc  RWIX
  RAMLS3                00009800   00000800  00000000  00000800  RWIX
  RAMLS4                0000a000   00000800  00000101  000006ff  RWIX
  RAMD0                 0000b000   00000800  000001c0  00000640  RWIX
  RAMD1                 0000b800   00000800  00000000  00000800  RWIX
  RAMGS0                0000c000   00001000  00000000  00001000  RWIX
  RAMGS1                0000d000   00001000  00000000  00001000  RWIX
  RAMGS2                0000e000   00001000  00000000  00001000  RWIX
  RAMGS3                0000f000   00001000  00000000  00001000  RWIX
  RAMGS4                00010000   00001000  00000000  00001000  RWIX
  RAMGS5                00011000   00001000  00000000  00001000  RWIX
  RAMGS6                00012000   00001000  00000000  00001000  RWIX
  RAMGS7                00013000   00001000  00000000  00001000  RWIX
  RAMGS8                00014000   00001000  00000000  00001000  RWIX
  RAMGS9                00015000   00001000  00000000  00001000  RWIX
  RAMGS10               00016000   00001000  00000000  00001000  RWIX
  RAMGS11               00017000   00001000  00000000  00001000  RWIX
  RAMGS12               00018000   00001000  00000000  00001000  RWIX
  RAMGS13               00019000   00001000  00000000  00001000  RWIX
  RAMGS14               0001a000   00001000  00000004  00000ffc  RWIX
  RAMGS15               0001b000   00000ff8  00000004  00000ff4  RWIX
  CPU2TOCPU1RAM         0003f800   00000400  00000000  00000400  RWIX
  CPU1TOCPU2RAM         0003fc00   00000400  00000000  00000400  RWIX
  EMIF1                 00047000   00000070  00000028  00000048  RWIX
  CANA                  00048000   00000200  00000164  0000009c  RWIX
  CANA_MSG_RAM          00049000   00000800  00000000  00000800  RWIX
  CANB                  0004a000   00000200  00000164  0000009c  RWIX
  CANB_MSG_RAM          0004b000   00000800  00000000  00000800  RWIX
  IPC                   00050000   00000024  00000024  00000000  RWIX
  FLASHPUMPSEMAPHORE    00050024   00000002  00000002  00000000  RWIX
  CLKCFG                0005d200   00000032  00000032  00000000  RWIX
  CPUSYS                0005d300   00000082  00000082  00000000  RWIX
  ROMPREFETCH           0005e608   00000002  00000002  00000000  RWIX
  DCSMZ1                0005f000   00000024  00000022  00000002  RWIX
  DCSMZ2                0005f040   00000024  00000022  00000002  RWIX
  DCSMCOMMON            0005f070   00000008  00000006  00000002  RWIX
  MEMCFG                0005f400   00000080  00000076  0000000a  RWIX
  EMIF1CONFIG           0005f480   00000020  0000000a  00000016  RWIX
  ACCESSPROTECTION      0005f4c0   00000040  0000002e  00000012  RWIX
  MEMORYERROR           0005f500   00000040  0000003a  00000006  RWIX
  FLASH0CTRL            0005f800   00000182  00000182  00000000  RWIX
  FLASH0ECC             0005fb00   00000028  00000028  00000000  RWIX
  UID                   000703c0   00000010  00000010  00000000  RWIX
  EMIF1_CS2n            00100000   00200000  00000000  00200000  RWIX
  EMIF1_CS3n            00300000   00080000  00000000  00080000  RWIX
  EMIF1_CS4n            00380000   00060000  00000000  00060000  RWIX
  EMIF1_CS0n            80000000   10000000  00000000  10000000  RWIX
  EMIF2_CS0n            90000000   10000000  00000000  10000000  RWIX


SECTION ALLOCATION MAP

 output                                  attributes/
section   page    origin      length       input sections
--------  ----  ----------  ----------   ----------------
codestart 
*          0    00000000    00000002     
                  00000000    00000002     F2837xD_CodeStartBranch.obj (codestart)

.cinit     0    00000123    00000023     
                  00000123    0000000e     rts2800_fpu32.lib : exit.c.obj (.cinit)
                  00000131    00000009     main_cpu2.obj (.cinit)
                  0000013a    00000005     rts2800_fpu32.lib : _lock.c.obj (.cinit:__lock)
                  0000013f    00000005                       : _lock.c.obj (.cinit:__unlock)
                  00000144    00000002     --HOLE-- [fill = 0]

.text      0    00008000    00000ad7     
                  00008000    00000585     F2837xD_DefaultISR.obj (.text:retain)
                  00008585    00000236     F2837xD_SysCtrl.obj (.text)
                  000087bb    000000d8     main_cpu2.obj (.text:retain)
                  00008893    00000068     CLA_Config.obj (.text)
                  000088fb    00000067     F2837xD_CpuTimers.obj (.text)
                  00008962    00000056     rts2800_fpu32.lib : boot28.asm.obj (.text)
                  000089b8    00000053     main_cpu2.obj (.text)
                  00008a0b    00000029     rts2800_fpu32.lib : exit.c.obj (.text)
                  00008a34    00000028     F2837xD_PieCtrl.obj (.text)
                  00008a5c    00000024     rts2800_fpu32.lib : cpy_tbl.c.obj (.text)
                  00008a80    0000001d                       : memcpy.c.obj (.text)
                  00008a9d    00000014     F2837xD_PieVect.obj (.text)
                  00008ab1    00000012     rts2800_fpu32.lib : args_main.c.obj (.text)
                  00008ac3    00000009                       : _lock.c.obj (.text)
                  00008acc    00000008     F2837xD_CodeStartBranch.obj (.text)
                  00008ad4    00000002     rts2800_fpu32.lib : pre_init.c.obj (.text)
                  00008ad6    00000001                       : startup.c.obj (.text)

.reset     0    003fffc0    00000002     DSECT
                  003fffc0    00000002     rts2800_fpu32.lib : boot28.asm.obj (.reset)

Cla1Prog   0    0000a800    0000004e     
                  0000a800    00000016     CLA_Tasks.obj (Cla1Prog:_CLA1Task1)
                  0000a816    00000008     CLA_Tasks.obj (Cla1Prog:_CLA1Task2)
                  0000a81e    00000008     CLA_Tasks.obj (Cla1Prog:_CLA1Task3)
                  0000a826    00000008     CLA_Tasks.obj (Cla1Prog:_CLA1Task4)
                  0000a82e    00000008     CLA_Tasks.obj (Cla1Prog:_CLA1Task5)
                  0000a836    00000008     CLA_Tasks.obj (Cla1Prog:_CLA1Task6)
                  0000a83e    00000008     CLA_Tasks.obj (Cla1Prog:_CLA1Task7)
                  0000a846    00000008     CLA_Tasks.obj (Cla1Prog:_CLA1Task8)

.stack     1    00000400    00000200     UNINITIALIZED
                  00000400    00000200     --HOLE--

.pinit     0    00000123    00000000     UNINITIALIZED

AdcaResultRegsFile 
*          1    00000b00    00000018     UNINITIALIZED
                  00000b00    00000018     F2837xD_GlobalVariableDefs.obj (AdcaResultRegsFile)

AdcbResultRegsFile 
*          1    00000b20    00000018     UNINITIALIZED
                  00000b20    00000018     F2837xD_GlobalVariableDefs.obj (AdcbResultRegsFile)

AdccResultRegsFile 
*          1    00000b40    00000018     UNINITIALIZED
                  00000b40    00000018     F2837xD_GlobalVariableDefs.obj (AdccResultRegsFile)

AdcdResultRegsFile 
*          1    00000b60    00000018     UNINITIALIZED
                  00000b60    00000018     F2837xD_GlobalVariableDefs.obj (AdcdResultRegsFile)

CpuTimer0RegsFile 
*          1    00000c00    00000008     UNINITIALIZED
                  00000c00    00000008     F2837xD_GlobalVariableDefs.obj (CpuTimer0RegsFile)

CpuTimer1RegsFile 
*          1    00000c08    00000008     UNINITIALIZED
                  00000c08    00000008     F2837xD_GlobalVariableDefs.obj (CpuTimer1RegsFile)

CpuTimer2RegsFile 
*          1    00000c10    00000008     UNINITIALIZED
                  00000c10    00000008     F2837xD_GlobalVariableDefs.obj (CpuTimer2RegsFile)

PieCtrlRegsFile 
*          1    00000ce0    0000001a     UNINITIALIZED
                  00000ce0    0000001a     F2837xD_GlobalVariableDefs.obj (PieCtrlRegsFile)

DmaRegsFile 
*          1    00001000    000000e0     UNINITIALIZED
                  00001000    000000e0     F2837xD_GlobalVariableDefs.obj (DmaRegsFile)

Cla1RegsFile 
*          1    00001400    0000003e     UNINITIALIZED
                  00001400    0000003e     F2837xD_GlobalVariableDefs.obj (Cla1RegsFile)

Clb1LogicCfgRegsFile 
*          1    00003000    0000003e     UNINITIALIZED
                  00003000    0000003e     F2837xD_GlobalVariableDefs.obj (Clb1LogicCfgRegsFile)

Clb1LogicCtrlRegsFile 
*          1    00003100    00000040     UNINITIALIZED
                  00003100    00000040     F2837xD_GlobalVariableDefs.obj (Clb1LogicCtrlRegsFile)

Clb1DataExchRegsFile 
*          1    00003200    00000108     UNINITIALIZED
                  00003200    00000108     F2837xD_GlobalVariableDefs.obj (Clb1DataExchRegsFile)

Clb2LogicCfgRegsFile 
*          1    00003400    0000003e     UNINITIALIZED
                  00003400    0000003e     F2837xD_GlobalVariableDefs.obj (Clb2LogicCfgRegsFile)

Clb2LogicCtrlRegsFile 
*          1    00003500    00000040     UNINITIALIZED
                  00003500    00000040     F2837xD_GlobalVariableDefs.obj (Clb2LogicCtrlRegsFile)

Clb2DataExchRegsFile 
*          1    00003600    00000108     UNINITIALIZED
                  00003600    00000108     F2837xD_GlobalVariableDefs.obj (Clb2DataExchRegsFile)

Clb3LogicCfgRegsFile 
*          1    00003800    0000003e     UNINITIALIZED
                  00003800    0000003e     F2837xD_GlobalVariableDefs.obj (Clb3LogicCfgRegsFile)

Clb3LogicCtrlRegsFile 
*          1    00003900    00000040     UNINITIALIZED
                  00003900    00000040     F2837xD_GlobalVariableDefs.obj (Clb3LogicCtrlRegsFile)

Clb3DataExchRegsFile 
*          1    00003a00    00000108     UNINITIALIZED
                  00003a00    00000108     F2837xD_GlobalVariableDefs.obj (Clb3DataExchRegsFile)

Clb4LogicCfgRegsFile 
*          1    00003c00    0000003e     UNINITIALIZED
                  00003c00    0000003e     F2837xD_GlobalVariableDefs.obj (Clb4LogicCfgRegsFile)

Clb4LogicCtrlRegsFile 
*          1    00003d00    00000040     UNINITIALIZED
                  00003d00    00000040     F2837xD_GlobalVariableDefs.obj (Clb4LogicCtrlRegsFile)

Clb4DataExchRegsFile 
*          1    00003e00    00000108     UNINITIALIZED
                  00003e00    00000108     F2837xD_GlobalVariableDefs.obj (Clb4DataExchRegsFile)

EPwm1RegsFile 
*          1    00004000    00000100     UNINITIALIZED
                  00004000    00000100     F2837xD_GlobalVariableDefs.obj (EPwm1RegsFile)

EPwm2RegsFile 
*          1    00004100    00000100     UNINITIALIZED
                  00004100    00000100     F2837xD_GlobalVariableDefs.obj (EPwm2RegsFile)

EPwm3RegsFile 
*          1    00004200    00000100     UNINITIALIZED
                  00004200    00000100     F2837xD_GlobalVariableDefs.obj (EPwm3RegsFile)

EPwm4RegsFile 
*          1    00004300    00000100     UNINITIALIZED
                  00004300    00000100     F2837xD_GlobalVariableDefs.obj (EPwm4RegsFile)

EPwm5RegsFile 
*          1    00004400    00000100     UNINITIALIZED
                  00004400    00000100     F2837xD_GlobalVariableDefs.obj (EPwm5RegsFile)

EPwm6RegsFile 
*          1    00004500    00000100     UNINITIALIZED
                  00004500    00000100     F2837xD_GlobalVariableDefs.obj (EPwm6RegsFile)

EPwm7RegsFile 
*          1    00004600    00000100     UNINITIALIZED
                  00004600    00000100     F2837xD_GlobalVariableDefs.obj (EPwm7RegsFile)

EPwm8RegsFile 
*          1    00004700    00000100     UNINITIALIZED
                  00004700    00000100     F2837xD_GlobalVariableDefs.obj (EPwm8RegsFile)

EPwm9RegsFile 
*          1    00004800    00000100     UNINITIALIZED
                  00004800    00000100     F2837xD_GlobalVariableDefs.obj (EPwm9RegsFile)

EPwm10RegsFile 
*          1    00004900    00000100     UNINITIALIZED
                  00004900    00000100     F2837xD_GlobalVariableDefs.obj (EPwm10RegsFile)

EPwm11RegsFile 
*          1    00004a00    00000100     UNINITIALIZED
                  00004a00    00000100     F2837xD_GlobalVariableDefs.obj (EPwm11RegsFile)

EPwm12RegsFile 
*          1    00004b00    00000100     UNINITIALIZED
                  00004b00    00000100     F2837xD_GlobalVariableDefs.obj (EPwm12RegsFile)

ECap1RegsFile 
*          1    00005000    0000001a     UNINITIALIZED
                  00005000    0000001a     F2837xD_GlobalVariableDefs.obj (ECap1RegsFile)

ECap2RegsFile 
*          1    00005020    0000001a     UNINITIALIZED
                  00005020    0000001a     F2837xD_GlobalVariableDefs.obj (ECap2RegsFile)

ECap3RegsFile 
*          1    00005040    0000001a     UNINITIALIZED
                  00005040    0000001a     F2837xD_GlobalVariableDefs.obj (ECap3RegsFile)

ECap4RegsFile 
*          1    00005060    0000001a     UNINITIALIZED
                  00005060    0000001a     F2837xD_GlobalVariableDefs.obj (ECap4RegsFile)

ECap5RegsFile 
*          1    00005080    0000001a     UNINITIALIZED
                  00005080    0000001a     F2837xD_GlobalVariableDefs.obj (ECap5RegsFile)

ECap6RegsFile 
*          1    000050a0    0000001a     UNINITIALIZED
                  000050a0    0000001a     F2837xD_GlobalVariableDefs.obj (ECap6RegsFile)

EQep1RegsFile 
*          1    00005100    00000022     UNINITIALIZED
                  00005100    00000022     F2837xD_GlobalVariableDefs.obj (EQep1RegsFile)

EQep2RegsFile 
*          1    00005140    00000022     UNINITIALIZED
                  00005140    00000022     F2837xD_GlobalVariableDefs.obj (EQep2RegsFile)

EQep3RegsFile 
*          1    00005180    00000022     UNINITIALIZED
                  00005180    00000022     F2837xD_GlobalVariableDefs.obj (EQep3RegsFile)

DacaRegsFile 
*          1    00005c00    00000007     UNINITIALIZED
                  00005c00    00000007     F2837xD_GlobalVariableDefs.obj (DacaRegsFile)

DacbRegsFile 
*          1    00005c10    00000007     UNINITIALIZED
                  00005c10    00000007     F2837xD_GlobalVariableDefs.obj (DacbRegsFile)

DaccRegsFile 
*          1    00005c20    00000007     UNINITIALIZED
                  00005c20    00000007     F2837xD_GlobalVariableDefs.obj (DaccRegsFile)

Cmpss1RegsFile 
*          1    00005c80    0000001b     UNINITIALIZED
                  00005c80    0000001b     F2837xD_GlobalVariableDefs.obj (Cmpss1RegsFile)

Cmpss2RegsFile 
*          1    00005ca0    0000001b     UNINITIALIZED
                  00005ca0    0000001b     F2837xD_GlobalVariableDefs.obj (Cmpss2RegsFile)

Cmpss3RegsFile 
*          1    00005cc0    0000001b     UNINITIALIZED
                  00005cc0    0000001b     F2837xD_GlobalVariableDefs.obj (Cmpss3RegsFile)

Cmpss4RegsFile 
*          1    00005ce0    0000001b     UNINITIALIZED
                  00005ce0    0000001b     F2837xD_GlobalVariableDefs.obj (Cmpss4RegsFile)

Cmpss5RegsFile 
*          1    00005d00    0000001b     UNINITIALIZED
                  00005d00    0000001b     F2837xD_GlobalVariableDefs.obj (Cmpss5RegsFile)

Cmpss6RegsFile 
*          1    00005d20    0000001b     UNINITIALIZED
                  00005d20    0000001b     F2837xD_GlobalVariableDefs.obj (Cmpss6RegsFile)

Cmpss7RegsFile 
*          1    00005d40    0000001b     UNINITIALIZED
                  00005d40    0000001b     F2837xD_GlobalVariableDefs.obj (Cmpss7RegsFile)

Cmpss8RegsFile 
*          1    00005d60    0000001b     UNINITIALIZED
                  00005d60    0000001b     F2837xD_GlobalVariableDefs.obj (Cmpss8RegsFile)

Sdfm1RegsFile 
*          1    00005e00    00000048     UNINITIALIZED
                  00005e00    00000048     F2837xD_GlobalVariableDefs.obj (Sdfm1RegsFile)

Sdfm2RegsFile 
*          1    00005e80    00000048     UNINITIALIZED
                  00005e80    00000048     F2837xD_GlobalVariableDefs.obj (Sdfm2RegsFile)

McbspaRegsFile 
*          1    00006000    00000024     UNINITIALIZED
                  00006000    00000024     F2837xD_GlobalVariableDefs.obj (McbspaRegsFile)

McbspbRegsFile 
*          1    00006040    00000024     UNINITIALIZED
                  00006040    00000024     F2837xD_GlobalVariableDefs.obj (McbspbRegsFile)

SpiaRegsFile 
*          1    00006100    00000010     UNINITIALIZED
                  00006100    00000010     F2837xD_GlobalVariableDefs.obj (SpiaRegsFile)

SpibRegsFile 
*          1    00006110    00000010     UNINITIALIZED
                  00006110    00000010     F2837xD_GlobalVariableDefs.obj (SpibRegsFile)

SpicRegsFile 
*          1    00006120    00000010     UNINITIALIZED
                  00006120    00000010     F2837xD_GlobalVariableDefs.obj (SpicRegsFile)

WdRegsFile 
*          1    00007000    0000002b     UNINITIALIZED
                  00007000    0000002b     F2837xD_GlobalVariableDefs.obj (WdRegsFile)

NmiIntruptRegsFile 
*          1    00007060    00000007     UNINITIALIZED
                  00007060    00000007     F2837xD_GlobalVariableDefs.obj (NmiIntruptRegsFile)

XintRegsFile 
*          1    00007070    0000000b     UNINITIALIZED
                  00007070    0000000b     F2837xD_GlobalVariableDefs.obj (XintRegsFile)

SciaRegsFile 
*          1    00007200    00000010     UNINITIALIZED
                  00007200    00000010     F2837xD_GlobalVariableDefs.obj (SciaRegsFile)

ScibRegsFile 
*          1    00007210    00000010     UNINITIALIZED
                  00007210    00000010     F2837xD_GlobalVariableDefs.obj (ScibRegsFile)

ScicRegsFile 
*          1    00007220    00000010     UNINITIALIZED
                  00007220    00000010     F2837xD_GlobalVariableDefs.obj (ScicRegsFile)

ScidRegsFile 
*          1    00007230    00000010     UNINITIALIZED
                  00007230    00000010     F2837xD_GlobalVariableDefs.obj (ScidRegsFile)

I2caRegsFile 
*          1    00007300    00000022     UNINITIALIZED
                  00007300    00000022     F2837xD_GlobalVariableDefs.obj (I2caRegsFile)

I2cbRegsFile 
*          1    00007340    00000022     UNINITIALIZED
                  00007340    00000022     F2837xD_GlobalVariableDefs.obj (I2cbRegsFile)

AdcaRegsFile 
*          1    00007400    0000007c     UNINITIALIZED
                  00007400    0000007c     F2837xD_GlobalVariableDefs.obj (AdcaRegsFile)

AdcbRegsFile 
*          1    00007480    0000007c     UNINITIALIZED
                  00007480    0000007c     F2837xD_GlobalVariableDefs.obj (AdcbRegsFile)

AdccRegsFile 
*          1    00007500    0000007c     UNINITIALIZED
                  00007500    0000007c     F2837xD_GlobalVariableDefs.obj (AdccRegsFile)

AdcdRegsFile 
*          1    00007580    0000007c     UNINITIALIZED
                  00007580    0000007c     F2837xD_GlobalVariableDefs.obj (AdcdRegsFile)

DmaClaSrcSelRegsFile 
*          1    00007980    0000001a     UNINITIALIZED
                  00007980    0000001a     F2837xD_GlobalVariableDefs.obj (DmaClaSrcSelRegsFile)

GpioDataRegsFile 
*          1    00007f00    00000030     UNINITIALIZED
                  00007f00    00000030     F2837xD_GlobalVariableDefs.obj (GpioDataRegsFile)

.ebss      1    00009000    00000024     UNINITIALIZED
                  00009000    00000018     F2837xD_CpuTimers.obj (.ebss)
                  00009018    00000006     rts2800_fpu32.lib : exit.c.obj (.ebss)
                  0000901e    00000002                       : _lock.c.obj (.ebss:__lock)
                  00009020    00000002                       : _lock.c.obj (.ebss:__unlock)
                  00009022    00000002     main_cpu2.obj (.ebss)

.econst    1    0000b000    000001c0     
                  0000b000    000001c0     F2837xD_PieVect.obj (.econst:_PieVectTableInit)

CLAData    1    0000a100    00000001     UNINITIALIZED
                  0000a100    00000001     main_cpu2.obj (CLAData)

VarsCpu1   1    0001a000    00000004     UNINITIALIZED
                  0001a000    00000004     main_cpu2.obj (VarsCpu1)

VarsCpu2   1    0001b000    00000004     UNINITIALIZED
                  0001b000    00000004     main_cpu2.obj (VarsCpu2)

.TI.ramfunc 
*          0    00000146    00000004     
                  00000146    00000004     F2837xD_usDelay.obj (.TI.ramfunc)

CLAscratch 
*          1    0000a000    00000100     UNINITIALIZED
                  0000a000    00000100     --HOLE--

PieVectTableFile 
*          1    00000d00    000001c0     UNINITIALIZED
                  00000d00    000001c0     F2837xD_GlobalVariableDefs.obj (PieVectTableFile)

EmuKeyVar 
*          1    00000d00    00000000     UNINITIALIZED

EmuBModeVar 
*          1    00000d00    00000000     UNINITIALIZED

EmuBootPinsVar 
*          1    00000d00    00000000     UNINITIALIZED

FlashCallbackVar 
*          1    00000d00    00000000     UNINITIALIZED

FlashScalingVar 
*          1    00000d00    00000000     UNINITIALIZED

Emif1RegsFile 
*          1    00047000    00000028     UNINITIALIZED
                  00047000    00000028     F2837xD_GlobalVariableDefs.obj (Emif1RegsFile)

CanaRegsFile 
*          1    00048000    00000164     UNINITIALIZED
                  00048000    00000164     F2837xD_GlobalVariableDefs.obj (CanaRegsFile)

CanbRegsFile 
*          1    0004a000    00000164     UNINITIALIZED
                  0004a000    00000164     F2837xD_GlobalVariableDefs.obj (CanbRegsFile)

IpcRegsFile 
*          1    00050000    00000024     UNINITIALIZED
                  00050000    00000024     F2837xD_GlobalVariableDefs.obj (IpcRegsFile)

FlashPumpSemaphoreRegsFile 
*          1    00050024    00000002     UNINITIALIZED
                  00050024    00000002     F2837xD_GlobalVariableDefs.obj (FlashPumpSemaphoreRegsFile)

ClkCfgRegsFile 
*          1    0005d200    00000032     UNINITIALIZED
                  0005d200    00000032     F2837xD_GlobalVariableDefs.obj (ClkCfgRegsFile)

CpuSysRegsFile 
*          1    0005d300    00000082     UNINITIALIZED
                  0005d300    00000082     F2837xD_GlobalVariableDefs.obj (CpuSysRegsFile)

RomPrefetchRegsFile 
*          1    0005e608    00000002     UNINITIALIZED
                  0005e608    00000002     F2837xD_GlobalVariableDefs.obj (RomPrefetchRegsFile)

DcsmZ1RegsFile 
*          1    0005f000    00000022     UNINITIALIZED
                  0005f000    00000022     F2837xD_GlobalVariableDefs.obj (DcsmZ1RegsFile)

DcsmZ2RegsFile 
*          1    0005f040    00000022     UNINITIALIZED
                  0005f040    00000022     F2837xD_GlobalVariableDefs.obj (DcsmZ2RegsFile)

DcsmCommonRegsFile 
*          1    0005f070    00000006     UNINITIALIZED
                  0005f070    00000006     F2837xD_GlobalVariableDefs.obj (DcsmCommonRegsFile)

MemCfgRegsFile 
*          1    0005f400    00000076     UNINITIALIZED
                  0005f400    00000076     F2837xD_GlobalVariableDefs.obj (MemCfgRegsFile)

Emif1ConfigRegsFile 
*          1    0005f480    0000000a     UNINITIALIZED
                  0005f480    0000000a     F2837xD_GlobalVariableDefs.obj (Emif1ConfigRegsFile)

AccessProtectionRegsFile 
*          1    0005f4c0    0000002e     UNINITIALIZED
                  0005f4c0    0000002e     F2837xD_GlobalVariableDefs.obj (AccessProtectionRegsFile)

MemoryErrorRegsFile 
*          1    0005f500    0000003a     UNINITIALIZED
                  0005f500    0000003a     F2837xD_GlobalVariableDefs.obj (MemoryErrorRegsFile)

Flash0CtrlRegsFile 
*          1    0005f800    00000182     UNINITIALIZED
                  0005f800    00000182     F2837xD_GlobalVariableDefs.obj (Flash0CtrlRegsFile)

Flash0EccRegsFile 
*          1    0005fb00    00000028     UNINITIALIZED
                  0005fb00    00000028     F2837xD_GlobalVariableDefs.obj (Flash0EccRegsFile)

UidRegsFile 
*          1    000703c0    00000010     UNINITIALIZED
                  000703c0    00000010     F2837xD_GlobalVariableDefs.obj (UidRegsFile)

MODULE SUMMARY

       Module                           code   initialized data   uninitialized data
       ------                           ----   ----------------   ------------------
    ./
       F2837xD_GlobalVariableDefs.obj   0      0                  8754              
       F2837xD_DefaultISR.obj           1413   0                  0                 
       F2837xD_SysCtrl.obj              566    0                  0                 
       F2837xD_PieVect.obj              20     448                0                 
       main_cpu2.obj                    299    9                  11                
       F2837xD_CpuTimers.obj            103    0                  24                
       CLA_Config.obj                   104    0                  0                 
       CLA_Tasks.obj                    78     0                  0                 
       F2837xD_PieCtrl.obj              40     0                  0                 
       F2837xD_CodeStartBranch.obj      10     0                  0                 
       F2837xD_usDelay.obj              4      0                  0                 
    +--+--------------------------------+------+------------------+--------------------+
       Total:                           2637   457                8789              
                                                                                    
    /Applications/ti/ccs1281/ccs/tools/compiler/ti-cgt-c2000_22.6.1.LTS/lib/rts2800_fpu32.lib
       boot28.asm.obj                   86     0                  0                 
       exit.c.obj                       41     14                 6                 
       cpy_tbl.c.obj                    36     0                  0                 
       memcpy.c.obj                     29     0                  0                 
       _lock.c.obj                      9      10                 4                 
       args_main.c.obj                  18     0                  0                 
       pre_init.c.obj                   2      0                  0                 
       startup.c.obj                    1      0                  0                 
    +--+--------------------------------+------+------------------+--------------------+
       Total:                           222    24                 10                
                                                                                    
       Stack:                           0      0                  512               
    +--+--------------------------------+------+------------------+--------------------+
       Grand Total:                     2859   481                9311              


GLOBAL DATA SYMBOLS: SORTED BY DATA PAGE

address     data page           name
--------    ----------------    ----
00000400      10 (00000400)     __stack

00000b00      2c (00000b00)     _AdcaResultRegs
00000b20      2c (00000b00)     _AdcbResultRegs

00000b40      2d (00000b40)     _AdccResultRegs
00000b60      2d (00000b40)     _AdcdResultRegs

00000c00      30 (00000c00)     _CpuTimer0Regs
00000c08      30 (00000c00)     _CpuTimer1Regs
00000c10      30 (00000c00)     _CpuTimer2Regs

00000ce0      33 (00000cc0)     _PieCtrlRegs

00000d00      34 (00000d00)     _PieVectTable

00001000      40 (00001000)     _DmaRegs

00001400      50 (00001400)     _Cla1Regs

00003000      c0 (00003000)     _Clb1LogicCfgRegs

00003100      c4 (00003100)     _Clb1LogicCtrlRegs

00003200      c8 (00003200)     _Clb1DataExchRegs

00003400      d0 (00003400)     _Clb2LogicCfgRegs

00003500      d4 (00003500)     _Clb2LogicCtrlRegs

00003600      d8 (00003600)     _Clb2DataExchRegs

00003800      e0 (00003800)     _Clb3LogicCfgRegs

00003900      e4 (00003900)     _Clb3LogicCtrlRegs

00003a00      e8 (00003a00)     _Clb3DataExchRegs

00003c00      f0 (00003c00)     _Clb4LogicCfgRegs

00003d00      f4 (00003d00)     _Clb4LogicCtrlRegs

00003e00      f8 (00003e00)     _Clb4DataExchRegs

00004000     100 (00004000)     _EPwm1Regs

00004100     104 (00004100)     _EPwm2Regs

00004200     108 (00004200)     _EPwm3Regs

00004300     10c (00004300)     _EPwm4Regs

00004400     110 (00004400)     _EPwm5Regs

00004500     114 (00004500)     _EPwm6Regs

00004600     118 (00004600)     _EPwm7Regs

00004700     11c (00004700)     _EPwm8Regs

00004800     120 (00004800)     _EPwm9Regs

00004900     124 (00004900)     _EPwm10Regs

00004a00     128 (00004a00)     _EPwm11Regs

00004b00     12c (00004b00)     _EPwm12Regs

00005000     140 (00005000)     _ECap1Regs
00005020     140 (00005000)     _ECap2Regs

00005040     141 (00005040)     _ECap3Regs
00005060     141 (00005040)     _ECap4Regs

00005080     142 (00005080)     _ECap5Regs
000050a0     142 (00005080)     _ECap6Regs

00005100     144 (00005100)     _EQep1Regs

00005140     145 (00005140)     _EQep2Regs

00005180     146 (00005180)     _EQep3Regs

00005c00     170 (00005c00)     _DacaRegs
00005c10     170 (00005c00)     _DacbRegs
00005c20     170 (00005c00)     _DaccRegs

00005c80     172 (00005c80)     _Cmpss1Regs
00005ca0     172 (00005c80)     _Cmpss2Regs

00005cc0     173 (00005cc0)     _Cmpss3Regs
00005ce0     173 (00005cc0)     _Cmpss4Regs

00005d00     174 (00005d00)     _Cmpss5Regs
00005d20     174 (00005d00)     _Cmpss6Regs

00005d40     175 (00005d40)     _Cmpss7Regs
00005d60     175 (00005d40)     _Cmpss8Regs

00005e00     178 (00005e00)     _Sdfm1Regs

00005e80     17a (00005e80)     _Sdfm2Regs

00006000     180 (00006000)     _McbspaRegs

00006040     181 (00006040)     _McbspbRegs

00006100     184 (00006100)     _SpiaRegs
00006110     184 (00006100)     _SpibRegs
00006120     184 (00006100)     _SpicRegs

00007000     1c0 (00007000)     _WdRegs

00007060     1c1 (00007040)     _NmiIntruptRegs
00007070     1c1 (00007040)     _XintRegs

00007200     1c8 (00007200)     _SciaRegs
00007210     1c8 (00007200)     _ScibRegs
00007220     1c8 (00007200)     _ScicRegs
00007230     1c8 (00007200)     _ScidRegs

00007300     1cc (00007300)     _I2caRegs

00007340     1cd (00007340)     _I2cbRegs

00007400     1d0 (00007400)     _AdcaRegs

00007480     1d2 (00007480)     _AdcbRegs

00007500     1d4 (00007500)     _AdccRegs

00007580     1d6 (00007580)     _AdcdRegs

00007980     1e6 (00007980)     _DmaClaSrcSelRegs

00007f00     1fc (00007f00)     _GpioDataRegs

00009000     240 (00009000)     _CpuTimer0
00009008     240 (00009000)     _CpuTimer1
00009010     240 (00009000)     _CpuTimer2
00009018     240 (00009000)     ___TI_enable_exit_profile_output
0000901a     240 (00009000)     ___TI_cleanup_ptr
0000901c     240 (00009000)     ___TI_dtors_ptr
0000901e     240 (00009000)     __lock
00009020     240 (00009000)     __unlock
00009022     240 (00009000)     _counter2

0000a100     284 (0000a100)     _counter_CLA2

0000b000     2c0 (0000b000)     _PieVectTableInit

0001a000     680 (0001a000)     _counter_cpu1
0001a002     680 (0001a000)     _theta_cpu1

0001b000     6c0 (0001b000)     _counter_cpu2
0001b002     6c0 (0001b000)     _theta_cpu2

00047000    11c0 (00047000)     _Emif1Regs

00048000    1200 (00048000)     _CanaRegs

0004a000    1280 (0004a000)     _CanbRegs

00050000    1400 (00050000)     _IpcRegs
00050024    1400 (00050000)     _FlashPumpSemaphoreRegs

0005d200    1748 (0005d200)     _ClkCfgRegs

0005d300    174c (0005d300)     _CpuSysRegs

0005e608    1798 (0005e600)     _RomPrefetchRegs

0005f000    17c0 (0005f000)     _DcsmZ1Regs

0005f040    17c1 (0005f040)     _DcsmZ2Regs
0005f070    17c1 (0005f040)     _DcsmCommonRegs

0005f400    17d0 (0005f400)     _MemCfgRegs

0005f480    17d2 (0005f480)     _Emif1ConfigRegs

0005f4c0    17d3 (0005f4c0)     _AccessProtectionRegs

0005f500    17d4 (0005f500)     _MemoryErrorRegs

0005f800    17e0 (0005f800)     _Flash0CtrlRegs

0005fb00    17ec (0005fb00)     _Flash0EccRegs

000703c0    1c0f (000703c0)     _UidRegs


GLOBAL SYMBOLS: SORTED ALPHABETICALLY BY Name 

page  address   name                            
----  -------   ----                            
0     00008000  .text                           
0     00008a0b  C$$EXIT                         
abs   00000100  CLA_SCRATCHPAD_SIZE             
0     0000857b  _ADCA1_ISR                      
0     00008571  _ADCA2_ISR                      
0     00008567  _ADCA3_ISR                      
0     0000855d  _ADCA4_ISR                      
0     00008553  _ADCA_EVT_ISR                   
0     00008549  _ADCB1_ISR                      
0     0000853f  _ADCB2_ISR                      
0     00008535  _ADCB3_ISR                      
0     0000852b  _ADCB4_ISR                      
0     00008521  _ADCB_EVT_ISR                   
0     00008517  _ADCC1_ISR                      
0     0000850d  _ADCC2_ISR                      
0     00008503  _ADCC3_ISR                      
0     000084f9  _ADCC4_ISR                      
0     000084ef  _ADCC_EVT_ISR                   
0     000084e5  _ADCD1_ISR                      
0     000084db  _ADCD2_ISR                      
0     000084d1  _ADCD3_ISR                      
0     000084c7  _ADCD4_ISR                      
0     000084bd  _ADCD_EVT_ISR                   
0     000084b3  _AUX_PLL_SLIP_ISR               
1     0005f4c0  _AccessProtectionRegs           
1     00007400  _AdcaRegs                       
1     00000b00  _AdcaResultRegs                 
1     00007480  _AdcbRegs                       
1     00000b20  _AdcbResultRegs                 
1     00007500  _AdccRegs                       
1     00000b40  _AdccResultRegs                 
1     00007580  _AdcdRegs                       
1     00000b60  _AdcdResultRegs                 
0     00008678  _AuxAuxClkSel                   
0     0000868e  _AuxIntOsc2Sel                  
0     00008682  _AuxXtalOscSel                  
0     000084a9  _CANA0_ISR                      
0     0000849f  _CANA1_ISR                      
0     00008495  _CANB0_ISR                      
0     0000848b  _CANB1_ISR                      
0     0000a800  _CLA1Task1                      
0     0000a816  _CLA1Task2                      
0     0000a81e  _CLA1Task3                      
0     0000a826  _CLA1Task4                      
0     0000a82e  _CLA1Task5                      
0     0000a836  _CLA1Task6                      
0     0000a83e  _CLA1Task7                      
0     0000a846  _CLA1Task8                      
0     00008481  _CLA1_1_ISR                     
0     00008477  _CLA1_2_ISR                     
0     0000846d  _CLA1_3_ISR                     
0     00008463  _CLA1_4_ISR                     
0     00008459  _CLA1_5_ISR                     
0     0000844f  _CLA1_6_ISR                     
0     00008445  _CLA1_7_ISR                     
0     0000843b  _CLA1_8_ISR                     
0     000088dd  _CLA1_ConfigCLAMemory           
0     00008893  _CLA1_InitCpu1Cla1              
0     00008880  _CLA1_isr1                      
0     0000886d  _CLA1_isr2                      
0     0000885a  _CLA1_isr3                      
0     00008847  _CLA1_isr4                      
0     00008834  _CLA1_isr5                      
0     00008821  _CLA1_isr6                      
0     0000880e  _CLA1_isr7                      
0     000087ff  _CLA1_isr8                      
0     00008431  _CLA_OVERFLOW_ISR               
0     00008427  _CLA_UNDERFLOW_ISR              
1     00048000  _CanaRegs                       
1     0004a000  _CanbRegs                       
1     00001400  _Cla1Regs                       
1     00003200  _Clb1DataExchRegs               
1     00003000  _Clb1LogicCfgRegs               
1     00003100  _Clb1LogicCtrlRegs              
1     00003600  _Clb2DataExchRegs               
1     00003400  _Clb2LogicCfgRegs               
1     00003500  _Clb2LogicCtrlRegs              
1     00003a00  _Clb3DataExchRegs               
1     00003800  _Clb3LogicCfgRegs               
1     00003900  _Clb3LogicCtrlRegs              
1     00003e00  _Clb4DataExchRegs               
1     00003c00  _Clb4LogicCfgRegs               
1     00003d00  _Clb4LogicCtrlRegs              
1     0005d200  _ClkCfgRegs                     
1     00005c80  _Cmpss1Regs                     
1     00005ca0  _Cmpss2Regs                     
1     00005cc0  _Cmpss3Regs                     
1     00005ce0  _Cmpss4Regs                     
1     00005d00  _Cmpss5Regs                     
1     00005d20  _Cmpss6Regs                     
1     00005d40  _Cmpss7Regs                     
1     00005d60  _Cmpss8Regs                     
0     0000893c  _ConfigCpuTimer                 
1     0005d300  _CpuSysRegs                     
1     00009000  _CpuTimer0                      
1     00000c00  _CpuTimer0Regs                  
1     00009008  _CpuTimer1                      
1     00000c08  _CpuTimer1Regs                  
1     00009010  _CpuTimer2                      
1     00000c10  _CpuTimer2Regs                  
0     0000879a  _CsmUnlock                      
0     0000841d  _DATALOG_ISR                    
0     00008413  _DMA_CH1_ISR                    
0     00008409  _DMA_CH2_ISR                    
0     000083ff  _DMA_CH3_ISR                    
0     000083f5  _DMA_CH4_ISR                    
0     000083eb  _DMA_CH5_ISR                    
0     000083e1  _DMA_CH6_ISR                    
1     00005c00  _DacaRegs                       
1     00005c10  _DacbRegs                       
1     00005c20  _DaccRegs                       
1     0005f070  _DcsmCommonRegs                 
1     0005f000  _DcsmZ1Regs                     
1     0005f040  _DcsmZ2Regs                     
0     000085eb  _DisableDog                     
0     00008782  _DisablePeripheralClocks        
1     00007980  _DmaClaSrcSelRegs               
1     00001000  _DmaRegs                        
0     000083d7  _ECAP1_ISR                      
0     000083cd  _ECAP2_ISR                      
0     000083c3  _ECAP3_ISR                      
0     000083b9  _ECAP4_ISR                      
0     000083af  _ECAP5_ISR                      
0     000083a5  _ECAP6_ISR                      
1     00005000  _ECap1Regs                      
1     00005020  _ECap2Regs                      
1     00005040  _ECap3Regs                      
1     00005060  _ECap4Regs                      
1     00005080  _ECap5Regs                      
1     000050a0  _ECap6Regs                      
0     0000839b  _EMIF_ERROR_ISR                 
0     0000838e  _EMPTY_ISR                      
0     00008384  _EMU_ISR                        
0     0000837a  _EPWM10_ISR                     
0     00008370  _EPWM10_TZ_ISR                  
0     00008366  _EPWM11_ISR                     
0     0000835c  _EPWM11_TZ_ISR                  
0     00008352  _EPWM12_ISR                     
0     00008348  _EPWM12_TZ_ISR                  
0     0000833e  _EPWM1_ISR                      
0     00008334  _EPWM1_TZ_ISR                   
0     0000832a  _EPWM2_ISR                      
0     00008320  _EPWM2_TZ_ISR                   
0     00008316  _EPWM3_ISR                      
0     0000830c  _EPWM3_TZ_ISR                   
0     00008302  _EPWM4_ISR                      
0     000082f8  _EPWM4_TZ_ISR                   
0     000082ee  _EPWM5_ISR                      
0     000082e4  _EPWM5_TZ_ISR                   
0     000082da  _EPWM6_ISR                      
0     000082d0  _EPWM6_TZ_ISR                   
0     000082c6  _EPWM7_ISR                      
0     000082bc  _EPWM7_TZ_ISR                   
0     000082b2  _EPWM8_ISR                      
0     000082a8  _EPWM8_TZ_ISR                   
0     0000829e  _EPWM9_ISR                      
0     00008294  _EPWM9_TZ_ISR                   
1     00004900  _EPwm10Regs                     
1     00004a00  _EPwm11Regs                     
1     00004b00  _EPwm12Regs                     
1     00004000  _EPwm1Regs                      
1     00004100  _EPwm2Regs                      
1     00004200  _EPwm3Regs                      
1     00004300  _EPwm4Regs                      
1     00004400  _EPwm5Regs                      
1     00004500  _EPwm6Regs                      
1     00004600  _EPwm7Regs                      
1     00004700  _EPwm8Regs                      
1     00004800  _EPwm9Regs                      
0     0000828a  _EQEP1_ISR                      
0     00008280  _EQEP2_ISR                      
0     00008276  _EQEP3_ISR                      
1     00005100  _EQep1Regs                      
1     00005140  _EQep2Regs                      
1     00005180  _EQep3Regs                      
1     0005f480  _Emif1ConfigRegs                
1     00047000  _Emif1Regs                      
0     00008a53  _EnableInterrupts               
0     00000146  _F28x_usDelay                   
0     0000826c  _FLASH_CORRECTABLE_ERROR_ISR    
0     00008262  _FPU_OVERFLOW_ISR               
0     00008258  _FPU_UNDERFLOW_ISR              
1     0005f800  _Flash0CtrlRegs                 
1     0005fb00  _Flash0EccRegs                  
1     00050024  _FlashPumpSemaphoreRegs         
1     00007f00  _GpioDataRegs                   
0     00008779  _HALT                           
0     000085d6  _HIB                            
0     0000824e  _I2CA_FIFO_ISR                  
0     00008244  _I2CA_ISR                       
0     0000823a  _I2CB_FIFO_ISR                  
0     00008230  _I2CB_ISR                       
1     00007300  _I2caRegs                       
1     00007340  _I2cbRegs                       
0     00008779  _IDLE                           
0     00008226  _ILLEGAL_ISR                    
0     0000821c  _IPC0_ISR                       
0     00008212  _IPC1_ISR                       
0     00008208  _IPC2_ISR                       
0     000081fe  _IPC3_ISR                       
0     00008698  _InitAuxPll                     
0     000088fb  _InitCpuTimers                  
0     000085f9  _InitPeripheralClocks           
0     00008a34  _InitPieCtrl                    
0     00008a9d  _InitPieVectTable               
0     00008673  _InitSysCtrl                    
1     00050000  _IpcRegs                        
0     000081f4  _MCBSPA_RX_ISR                  
0     000081ea  _MCBSPA_TX_ISR                  
0     000081e0  _MCBSPB_RX_ISR                  
0     000081d6  _MCBSPB_TX_ISR                  
1     00006000  _McbspaRegs                     
1     00006040  _McbspbRegs                     
1     0005f400  _MemCfgRegs                     
1     0005f500  _MemoryErrorRegs                
0     000081cc  _NMI_ISR                        
0     000081c2  _NOTUSED_ISR                    
1     00007060  _NmiIntruptRegs                 
0     000081b8  _PIE_RESERVED_ISR               
1     00000ce0  _PieCtrlRegs                    
1     00000d00  _PieVectTable                   
1     0000b000  _PieVectTableInit               
0     000081ae  _RAM_ACCESS_VIOLATION_ISR       
0     000081a4  _RAM_CORRECTABLE_ERROR_ISR      
0     0000819a  _RTOS_ISR                       
0     000085e1  _ReleaseFlashPump               
1     0005e608  _RomPrefetchRegs                
0     00008190  _SCIA_RX_ISR                    
0     00008186  _SCIA_TX_ISR                    
0     0000817c  _SCIB_RX_ISR                    
0     00008172  _SCIB_TX_ISR                    
0     00008168  _SCIC_RX_ISR                    
0     0000815e  _SCIC_TX_ISR                    
0     00008154  _SCID_RX_ISR                    
0     0000814a  _SCID_TX_ISR                    
0     00008140  _SD1_ISR                        
0     00008136  _SD2_ISR                        
0     0000812c  _SPIA_RX_ISR                    
0     00008122  _SPIA_TX_ISR                    
0     00008118  _SPIB_RX_ISR                    
0     0000810e  _SPIB_TX_ISR                    
0     00008104  _SPIC_RX_ISR                    
0     000080fa  _SPIC_TX_ISR                    
0     000085d6  _STANDBY                        
0     000080f0  _SYS_PLL_SLIP_ISR               
1     00007200  _SciaRegs                       
1     00007210  _ScibRegs                       
1     00007220  _ScicRegs                       
1     00007230  _ScidRegs                       
1     00005e00  _Sdfm1Regs                      
1     00005e80  _Sdfm2Regs                      
0     000085c7  _SeizeFlashPump                 
0     000085b9  _ServiceDog                     
1     00006100  _SpiaRegs                       
1     00006110  _SpibRegs                       
1     00006120  _SpicRegs                       
0     000085a9  _SysIntOsc1Sel                  
0     00008595  _SysIntOsc2Sel                  
0     00008585  _SysXtalOscSel                  
0     000080e6  _TIMER0_ISR                     
0     000080dc  _TIMER1_ISR                     
0     000080d2  _TIMER2_ISR                     
0     000080c8  _UPPA_ISR                       
0     000080be  _USBA_ISR                       
0     000080b4  _USER10_ISR                     
0     000080aa  _USER11_ISR                     
0     000080a0  _USER12_ISR                     
0     00008096  _USER1_ISR                      
0     0000808c  _USER2_ISR                      
0     00008082  _USER3_ISR                      
0     00008078  _USER4_ISR                      
0     0000806e  _USER5_ISR                      
0     00008064  _USER6_ISR                      
0     0000805a  _USER7_ISR                      
0     00008050  _USER8_ISR                      
0     00008046  _USER9_ISR                      
1     000703c0  _UidRegs                        
0     0000803c  _VCU_ISR                        
0     00008032  _WAKE_ISR                       
1     00007000  _WdRegs                         
0     00008028  _XINT1_ISR                      
0     0000801e  _XINT2_ISR                      
0     00008014  _XINT3_ISR                      
0     0000800a  _XINT4_ISR                      
0     00008000  _XINT5_ISR                      
1     00007070  _XintRegs                       
1     00000600  __STACK_END                     
abs   00000200  __STACK_SIZE                    
1     0000901a  ___TI_cleanup_ptr               
1     0000901c  ___TI_dtors_ptr                 
1     00009018  ___TI_enable_exit_profile_output
abs   ffffffff  ___TI_pprof_out_hndl            
abs   ffffffff  ___TI_prof_data_size            
abs   ffffffff  ___TI_prof_data_start           
abs   ffffffff  ___binit__                      
abs   ffffffff  ___c_args__                     
0     00000123  ___cinit__                      
0     00008ad7  ___etext__                      
abs   ffffffff  ___pinit__                      
0     00008000  ___text__                       
0     00008ab1  __args_main                     
1     0000901e  __lock                          
0     00008acb  __nop                           
0     00008ac7  __register_lock                 
0     00008ac3  __register_unlock               
1     00000400  __stack                         
0     00008ad6  __system_post_cinit             
0     00008ad4  __system_pre_init               
1     00009020  __unlock                        
0     00008a0b  _abort                          
0     00008962  _c_int00                        
0     00008a5c  _copy_in                        
1     00009022  _counter2                       
1     0000a100  _counter_CLA2                   
1     0001a000  _counter_cpu1                   
1     0001b000  _counter_cpu2                   
0     00008a0d  _exit                           
0     000087bb  _isr_cpu_timer0                 
0     000089b8  _main                           
0     00008a80  _memcpy                         
1     0001a002  _theta_cpu1                     
1     0001b002  _theta_cpu2                     
abs   ffffffff  binit                           
0     00000123  cinit                           
0     00000000  code_start                      
0     00008ad7  etext                           
abs   ffffffff  pinit                           


GLOBAL SYMBOLS: SORTED BY Symbol Address 

page  address   name                            
----  -------   ----                            
0     00000000  code_start                      
0     00000123  ___cinit__                      
0     00000123  cinit                           
0     00000146  _F28x_usDelay                   
0     00008000  .text                           
0     00008000  _XINT5_ISR                      
0     00008000  ___text__                       
0     0000800a  _XINT4_ISR                      
0     00008014  _XINT3_ISR                      
0     0000801e  _XINT2_ISR                      
0     00008028  _XINT1_ISR                      
0     00008032  _WAKE_ISR                       
0     0000803c  _VCU_ISR                        
0     00008046  _USER9_ISR                      
0     00008050  _USER8_ISR                      
0     0000805a  _USER7_ISR                      
0     00008064  _USER6_ISR                      
0     0000806e  _USER5_ISR                      
0     00008078  _USER4_ISR                      
0     00008082  _USER3_ISR                      
0     0000808c  _USER2_ISR                      
0     00008096  _USER1_ISR                      
0     000080a0  _USER12_ISR                     
0     000080aa  _USER11_ISR                     
0     000080b4  _USER10_ISR                     
0     000080be  _USBA_ISR                       
0     000080c8  _UPPA_ISR                       
0     000080d2  _TIMER2_ISR                     
0     000080dc  _TIMER1_ISR                     
0     000080e6  _TIMER0_ISR                     
0     000080f0  _SYS_PLL_SLIP_ISR               
0     000080fa  _SPIC_TX_ISR                    
0     00008104  _SPIC_RX_ISR                    
0     0000810e  _SPIB_TX_ISR                    
0     00008118  _SPIB_RX_ISR                    
0     00008122  _SPIA_TX_ISR                    
0     0000812c  _SPIA_RX_ISR                    
0     00008136  _SD2_ISR                        
0     00008140  _SD1_ISR                        
0     0000814a  _SCID_TX_ISR                    
0     00008154  _SCID_RX_ISR                    
0     0000815e  _SCIC_TX_ISR                    
0     00008168  _SCIC_RX_ISR                    
0     00008172  _SCIB_TX_ISR                    
0     0000817c  _SCIB_RX_ISR                    
0     00008186  _SCIA_TX_ISR                    
0     00008190  _SCIA_RX_ISR                    
0     0000819a  _RTOS_ISR                       
0     000081a4  _RAM_CORRECTABLE_ERROR_ISR      
0     000081ae  _RAM_ACCESS_VIOLATION_ISR       
0     000081b8  _PIE_RESERVED_ISR               
0     000081c2  _NOTUSED_ISR                    
0     000081cc  _NMI_ISR                        
0     000081d6  _MCBSPB_TX_ISR                  
0     000081e0  _MCBSPB_RX_ISR                  
0     000081ea  _MCBSPA_TX_ISR                  
0     000081f4  _MCBSPA_RX_ISR                  
0     000081fe  _IPC3_ISR                       
0     00008208  _IPC2_ISR                       
0     00008212  _IPC1_ISR                       
0     0000821c  _IPC0_ISR                       
0     00008226  _ILLEGAL_ISR                    
0     00008230  _I2CB_ISR                       
0     0000823a  _I2CB_FIFO_ISR                  
0     00008244  _I2CA_ISR                       
0     0000824e  _I2CA_FIFO_ISR                  
0     00008258  _FPU_UNDERFLOW_ISR              
0     00008262  _FPU_OVERFLOW_ISR               
0     0000826c  _FLASH_CORRECTABLE_ERROR_ISR    
0     00008276  _EQEP3_ISR                      
0     00008280  _EQEP2_ISR                      
0     0000828a  _EQEP1_ISR                      
0     00008294  _EPWM9_TZ_ISR                   
0     0000829e  _EPWM9_ISR                      
0     000082a8  _EPWM8_TZ_ISR                   
0     000082b2  _EPWM8_ISR                      
0     000082bc  _EPWM7_TZ_ISR                   
0     000082c6  _EPWM7_ISR                      
0     000082d0  _EPWM6_TZ_ISR                   
0     000082da  _EPWM6_ISR                      
0     000082e4  _EPWM5_TZ_ISR                   
0     000082ee  _EPWM5_ISR                      
0     000082f8  _EPWM4_TZ_ISR                   
0     00008302  _EPWM4_ISR                      
0     0000830c  _EPWM3_TZ_ISR                   
0     00008316  _EPWM3_ISR                      
0     00008320  _EPWM2_TZ_ISR                   
0     0000832a  _EPWM2_ISR                      
0     00008334  _EPWM1_TZ_ISR                   
0     0000833e  _EPWM1_ISR                      
0     00008348  _EPWM12_TZ_ISR                  
0     00008352  _EPWM12_ISR                     
0     0000835c  _EPWM11_TZ_ISR                  
0     00008366  _EPWM11_ISR                     
0     00008370  _EPWM10_TZ_ISR                  
0     0000837a  _EPWM10_ISR                     
0     00008384  _EMU_ISR                        
0     0000838e  _EMPTY_ISR                      
0     0000839b  _EMIF_ERROR_ISR                 
0     000083a5  _ECAP6_ISR                      
0     000083af  _ECAP5_ISR                      
0     000083b9  _ECAP4_ISR                      
0     000083c3  _ECAP3_ISR                      
0     000083cd  _ECAP2_ISR                      
0     000083d7  _ECAP1_ISR                      
0     000083e1  _DMA_CH6_ISR                    
0     000083eb  _DMA_CH5_ISR                    
0     000083f5  _DMA_CH4_ISR                    
0     000083ff  _DMA_CH3_ISR                    
0     00008409  _DMA_CH2_ISR                    
0     00008413  _DMA_CH1_ISR                    
0     0000841d  _DATALOG_ISR                    
0     00008427  _CLA_UNDERFLOW_ISR              
0     00008431  _CLA_OVERFLOW_ISR               
0     0000843b  _CLA1_8_ISR                     
0     00008445  _CLA1_7_ISR                     
0     0000844f  _CLA1_6_ISR                     
0     00008459  _CLA1_5_ISR                     
0     00008463  _CLA1_4_ISR                     
0     0000846d  _CLA1_3_ISR                     
0     00008477  _CLA1_2_ISR                     
0     00008481  _CLA1_1_ISR                     
0     0000848b  _CANB1_ISR                      
0     00008495  _CANB0_ISR                      
0     0000849f  _CANA1_ISR                      
0     000084a9  _CANA0_ISR                      
0     000084b3  _AUX_PLL_SLIP_ISR               
0     000084bd  _ADCD_EVT_ISR                   
0     000084c7  _ADCD4_ISR                      
0     000084d1  _ADCD3_ISR                      
0     000084db  _ADCD2_ISR                      
0     000084e5  _ADCD1_ISR                      
0     000084ef  _ADCC_EVT_ISR                   
0     000084f9  _ADCC4_ISR                      
0     00008503  _ADCC3_ISR                      
0     0000850d  _ADCC2_ISR                      
0     00008517  _ADCC1_ISR                      
0     00008521  _ADCB_EVT_ISR                   
0     0000852b  _ADCB4_ISR                      
0     00008535  _ADCB3_ISR                      
0     0000853f  _ADCB2_ISR                      
0     00008549  _ADCB1_ISR                      
0     00008553  _ADCA_EVT_ISR                   
0     0000855d  _ADCA4_ISR                      
0     00008567  _ADCA3_ISR                      
0     00008571  _ADCA2_ISR                      
0     0000857b  _ADCA1_ISR                      
0     00008585  _SysXtalOscSel                  
0     00008595  _SysIntOsc2Sel                  
0     000085a9  _SysIntOsc1Sel                  
0     000085b9  _ServiceDog                     
0     000085c7  _SeizeFlashPump                 
0     000085d6  _HIB                            
0     000085d6  _STANDBY                        
0     000085e1  _ReleaseFlashPump               
0     000085eb  _DisableDog                     
0     000085f9  _InitPeripheralClocks           
0     00008673  _InitSysCtrl                    
0     00008678  _AuxAuxClkSel                   
0     00008682  _AuxXtalOscSel                  
0     0000868e  _AuxIntOsc2Sel                  
0     00008698  _InitAuxPll                     
0     00008779  _HALT                           
0     00008779  _IDLE                           
0     00008782  _DisablePeripheralClocks        
0     0000879a  _CsmUnlock                      
0     000087bb  _isr_cpu_timer0                 
0     000087ff  _CLA1_isr8                      
0     0000880e  _CLA1_isr7                      
0     00008821  _CLA1_isr6                      
0     00008834  _CLA1_isr5                      
0     00008847  _CLA1_isr4                      
0     0000885a  _CLA1_isr3                      
0     0000886d  _CLA1_isr2                      
0     00008880  _CLA1_isr1                      
0     00008893  _CLA1_InitCpu1Cla1              
0     000088dd  _CLA1_ConfigCLAMemory           
0     000088fb  _InitCpuTimers                  
0     0000893c  _ConfigCpuTimer                 
0     00008962  _c_int00                        
0     000089b8  _main                           
0     00008a0b  C$$EXIT                         
0     00008a0b  _abort                          
0     00008a0d  _exit                           
0     00008a34  _InitPieCtrl                    
0     00008a53  _EnableInterrupts               
0     00008a5c  _copy_in                        
0     00008a80  _memcpy                         
0     00008a9d  _InitPieVectTable               
0     00008ab1  __args_main                     
0     00008ac3  __register_unlock               
0     00008ac7  __register_lock                 
0     00008acb  __nop                           
0     00008ad4  __system_pre_init               
0     00008ad6  __system_post_cinit             
0     00008ad7  ___etext__                      
0     00008ad7  etext                           
0     0000a800  _CLA1Task1                      
0     0000a816  _CLA1Task2                      
0     0000a81e  _CLA1Task3                      
0     0000a826  _CLA1Task4                      
0     0000a82e  _CLA1Task5                      
0     0000a836  _CLA1Task6                      
0     0000a83e  _CLA1Task7                      
0     0000a846  _CLA1Task8                      
1     00000400  __stack                         
1     00000600  __STACK_END                     
1     00000b00  _AdcaResultRegs                 
1     00000b20  _AdcbResultRegs                 
1     00000b40  _AdccResultRegs                 
1     00000b60  _AdcdResultRegs                 
1     00000c00  _CpuTimer0Regs                  
1     00000c08  _CpuTimer1Regs                  
1     00000c10  _CpuTimer2Regs                  
1     00000ce0  _PieCtrlRegs                    
1     00000d00  _PieVectTable                   
1     00001000  _DmaRegs                        
1     00001400  _Cla1Regs                       
1     00003000  _Clb1LogicCfgRegs               
1     00003100  _Clb1LogicCtrlRegs              
1     00003200  _Clb1DataExchRegs               
1     00003400  _Clb2LogicCfgRegs               
1     00003500  _Clb2LogicCtrlRegs              
1     00003600  _Clb2DataExchRegs               
1     00003800  _Clb3LogicCfgRegs               
1     00003900  _Clb3LogicCtrlRegs              
1     00003a00  _Clb3DataExchRegs               
1     00003c00  _Clb4LogicCfgRegs               
1     00003d00  _Clb4LogicCtrlRegs              
1     00003e00  _Clb4DataExchRegs               
1     00004000  _EPwm1Regs                      
1     00004100  _EPwm2Regs                      
1     00004200  _EPwm3Regs                      
1     00004300  _EPwm4Regs                      
1     00004400  _EPwm5Regs                      
1     00004500  _EPwm6Regs                      
1     00004600  _EPwm7Regs                      
1     00004700  _EPwm8Regs                      
1     00004800  _EPwm9Regs                      
1     00004900  _EPwm10Regs                     
1     00004a00  _EPwm11Regs                     
1     00004b00  _EPwm12Regs                     
1     00005000  _ECap1Regs                      
1     00005020  _ECap2Regs                      
1     00005040  _ECap3Regs                      
1     00005060  _ECap4Regs                      
1     00005080  _ECap5Regs                      
1     000050a0  _ECap6Regs                      
1     00005100  _EQep1Regs                      
1     00005140  _EQep2Regs                      
1     00005180  _EQep3Regs                      
1     00005c00  _DacaRegs                       
1     00005c10  _DacbRegs                       
1     00005c20  _DaccRegs                       
1     00005c80  _Cmpss1Regs                     
1     00005ca0  _Cmpss2Regs                     
1     00005cc0  _Cmpss3Regs                     
1     00005ce0  _Cmpss4Regs                     
1     00005d00  _Cmpss5Regs                     
1     00005d20  _Cmpss6Regs                     
1     00005d40  _Cmpss7Regs                     
1     00005d60  _Cmpss8Regs                     
1     00005e00  _Sdfm1Regs                      
1     00005e80  _Sdfm2Regs                      
1     00006000  _McbspaRegs                     
1     00006040  _McbspbRegs                     
1     00006100  _SpiaRegs                       
1     00006110  _SpibRegs                       
1     00006120  _SpicRegs                       
1     00007000  _WdRegs                         
1     00007060  _NmiIntruptRegs                 
1     00007070  _XintRegs                       
1     00007200  _SciaRegs                       
1     00007210  _ScibRegs                       
1     00007220  _ScicRegs                       
1     00007230  _ScidRegs                       
1     00007300  _I2caRegs                       
1     00007340  _I2cbRegs                       
1     00007400  _AdcaRegs                       
1     00007480  _AdcbRegs                       
1     00007500  _AdccRegs                       
1     00007580  _AdcdRegs                       
1     00007980  _DmaClaSrcSelRegs               
1     00007f00  _GpioDataRegs                   
1     00009000  _CpuTimer0                      
1     00009008  _CpuTimer1                      
1     00009010  _CpuTimer2                      
1     00009018  ___TI_enable_exit_profile_output
1     0000901a  ___TI_cleanup_ptr               
1     0000901c  ___TI_dtors_ptr                 
1     0000901e  __lock                          
1     00009020  __unlock                        
1     00009022  _counter2                       
1     0000a100  _counter_CLA2                   
1     0000b000  _PieVectTableInit               
1     0001a000  _counter_cpu1                   
1     0001a002  _theta_cpu1                     
1     0001b000  _counter_cpu2                   
1     0001b002  _theta_cpu2                     
1     00047000  _Emif1Regs                      
1     00048000  _CanaRegs                       
1     0004a000  _CanbRegs                       
1     00050000  _IpcRegs                        
1     00050024  _FlashPumpSemaphoreRegs         
1     0005d200  _ClkCfgRegs                     
1     0005d300  _CpuSysRegs                     
1     0005e608  _RomPrefetchRegs                
1     0005f000  _DcsmZ1Regs                     
1     0005f040  _DcsmZ2Regs                     
1     0005f070  _DcsmCommonRegs                 
1     0005f400  _MemCfgRegs                     
1     0005f480  _Emif1ConfigRegs                
1     0005f4c0  _AccessProtectionRegs           
1     0005f500  _MemoryErrorRegs                
1     0005f800  _Flash0CtrlRegs                 
1     0005fb00  _Flash0EccRegs                  
1     000703c0  _UidRegs                        
abs   00000100  CLA_SCRATCHPAD_SIZE             
abs   00000200  __STACK_SIZE                    
abs   ffffffff  ___TI_pprof_out_hndl            
abs   ffffffff  ___TI_prof_data_size            
abs   ffffffff  ___TI_prof_data_start           
abs   ffffffff  ___binit__                      
abs   ffffffff  ___c_args__                     
abs   ffffffff  ___pinit__                      
abs   ffffffff  binit                           
abs   ffffffff  pinit                           

[327 symbols]
